// Jest Snapshot v1, https://goo.gl/fbAQLP

exports[`<MessageItem /> should match snapshot 1`] = `
<View
  style={
    Object {
      "alignContent": "center",
      "alignItems": "center",
      "borderRadius": 15,
      "borderWidth": 0.5,
      "flex": 1,
      "flexDirection": "row",
      "justifyContent": "space-between",
      "marginVertical": 10,
      "paddingHorizontal": 20,
      "paddingVertical": 10,
    }
  }
>
  <View>
    <Text
      style={
        Object {
          "color": "#000000",
          "fontSize": 20,
          "fontWeight": "700",
        }
      }
    >
      Edwards Moses
    </Text>
    <Text
      numberOfLines={2}
      style={
        Object {
          "fontSize": 16,
          "width": 250,
        }
      }
    >
      Note for test
    </Text>
    <Text
      style={
        Object {
          "fontSize": 16,
          "fontWeight": "600",
        }
      }
    >
      Completed
    </Text>
  </View>
  <Image
    source={
      Object {
        "uri": "https://via.placeholder.com/150",
      }
    }
    style={
      Object {
        "borderRadius": 200,
        "height": 190.57142857142858,
        "width": 190.57142857142858,
      }
    }
  />
</View>
`;
