// Jest Snapshot v1, https://goo.gl/fbAQLP

exports[`<ListItem /> should match snapshot 1`] = `
<View
  style={
    Object {
      "borderBottomWidth": 0.5,
      "borderRadius": 15,
      "padding": 20,
      "paddingVertical": 20,
    }
  }
>
  <View
    accessible={true}
    focusable={true}
    onClick={[Function]}
    onResponderGrant={[Function]}
    onResponderMove={[Function]}
    onResponderRelease={[Function]}
    onResponderTerminate={[Function]}
    onResponderTerminationRequest={[Function]}
    onStartShouldSetResponder={[Function]}
    style={
      Object {
        "alignContent": "center",
        "flex": 1,
        "flexDirection": "row",
        "justifyContent": "space-between",
        "opacity": 1,
      }
    }
  >
    <View>
      <Text
        style={
          Object {
            "color": "black",
            "fontSize": 18,
            "fontWeight": "600",
          }
        }
      >
        Edit Account
      </Text>
    </View>
    <Image
      height={20}
      source={
        Object {
          "testUri": "../../../src/ActionList/img/rightArrow.png",
        }
      }
      width={20}
    />
  </View>
</View>
`;
